#
# There is insufficient memory for the Java Runtime Environment to continue.
# Native memory allocation (mmap) failed to map 234881024 bytes for G1 virtual space
# Possible reasons:
#   The system is out of physical RAM or swap space
#   The process is running with CompressedOops enabled, and the Java Heap may be blocking the growth of the native heap
# Possible solutions:
#   Reduce memory load on the system
#   Increase physical memory or swap space
#   Check if swap backing store is full
#   Decrease Java heap size (-Xmx/-Xms)
#   Decrease number of Java threads
#   Decrease Java thread stack sizes (-Xss)
#   Set larger code cache with -XX:ReservedCodeCacheSize=
#   JVM is running with Zero Based Compressed Oops mode in which the Java heap is
#     placed in the first 32GB address space. The Java Heap base address is the
#     maximum limit for the native heap growth. Please use -XX:HeapBaseMinAddress
#     to set the Java Heap base and to place the Java Heap above 32GB virtual address.
# This output file may be truncated or incomplete.
#
#  Out of Memory Error (os_windows.cpp:3617), pid=25276, tid=16788
#
# JRE version:  (17.0.8.1+1) (build )
# Java VM: OpenJDK 64-Bit Server VM (17.0.8.1+1-LTS, mixed mode, sharing, tiered, compressed oops, compressed class ptrs, g1 gc, windows-amd64)
# No core dump will be written. Minidumps are not enabled by default on client versions of Windows
#

---------------  S U M M A R Y ------------

Command Line: com.xamarin.manifestmerger.Main obj\Debug\net8.0-android\android\manifestmerger.rsp

Host: AMD Ryzen 7 3750H with Radeon Vega Mobile Gfx  , 8 cores, 13G,  Windows 10 , 64 bit Build 19041 (10.0.19041.4842)
Time: Sat Oct  5 16:20:08 2024 W. Europe Daylight Time elapsed time: 0.011769 seconds (0d 0h 0m 0s)

---------------  T H R E A D  ---------------

Current thread (0x000002248e1619d0):  JavaThread "Unknown thread" [_thread_in_vm, id=16788, stack(0x000000b5ce700000,0x000000b5ce800000)]

Stack: [0x000000b5ce700000,0x000000b5ce800000]
Native frames: (J=compiled Java code, j=interpreted, Vv=VM code, C=native code)
V  [jvm.dll+0x67bf3a]
V  [jvm.dll+0x83a024]
V  [jvm.dll+0x83b7ce]
V  [jvm.dll+0x83be33]
V  [jvm.dll+0x24785f]
V  [jvm.dll+0x678cb9]
V  [jvm.dll+0x66d54a]
V  [jvm.dll+0x308feb]
V  [jvm.dll+0x310496]
V  [jvm.dll+0x36019e]
V  [jvm.dll+0x3603cf]
V  [jvm.dll+0x2dff38]
V  [jvm.dll+0x2e0ea4]
V  [jvm.dll+0x80bca1]
V  [jvm.dll+0x36df61]
V  [jvm.dll+0x7eafac]
V  [jvm.dll+0x3f0c8f]
V  [jvm.dll+0x3f28a1]
C  [jli.dll+0x528f]
C  [ucrtbase.dll+0x21bb2]
C  [KERNEL32.DLL+0x17374]
C  [ntdll.dll+0x4cc91]


---------------  P R O C E S S  ---------------

Threads class SMR info:
_java_thread_list=0x00007ff87a513058, length=0, elements={
}

Java Threads: ( => current thread )

Other Threads:
  0x000002248e1c3e50 GCTaskThread "GC Thread#0" [stack: 0x000000b5ce800000,0x000000b5ce900000] [id=22240]
  0x000002248e1d2cb0 ConcurrentGCThread "G1 Main Marker" [stack: 0x000000b5ce900000,0x000000b5cea00000] [id=22720]
  0x000002248e1d3e60 ConcurrentGCThread "G1 Conc#0" [stack: 0x000000b5cea00000,0x000000b5ceb00000] [id=11740]

[error occurred during error reporting (printing all threads), id 0xc0000005, EXCEPTION_ACCESS_VIOLATION (0xc0000005) at pc=0x00007ff879cd0927]

VM state: not at safepoint (not fully initialized)

VM Mutex/Monitor currently owned by a thread:  ([mutex/lock_event])
[0x000002248e15ca00] Heap_lock - owner thread: 0x000002248e1619d0

Heap address: 0x0000000720e00000, size: 3570 MB, Compressed Oops mode: Zero based, Oop shift amount: 3

CDS archive(s) mapped at: [0x0000000000000000-0x0000000000000000-0x0000000000000000), size 0, SharedBaseAddress: 0x0000000800000000, ArchiveRelocationMode: 1.
Narrow klass base: 0x0000000000000000, Narrow klass shift: 0, Narrow klass range: 0x0

GC Precious Log:
<Empty>

Heap:
 garbage-first heap   total 0K, used 0K [0x0000000720e00000, 0x0000000800000000)
  region size 2048K, 0 young (0K), 0 survivors (0K)

[error occurred during error reporting (printing heap information), id 0xc0000005, EXCEPTION_ACCESS_VIOLATION (0xc0000005) at pc=0x00007ff87a0b5fc9]

GC Heap History (0 events):
No events

Dll operation events (1 events):
Event: 0.008 Loaded shared library C:\Program Files (x86)\Android\openjdk\jdk-17.0.8.101-hotspot\bin\java.dll

Deoptimization events (0 events):
No events

Classes unloaded (0 events):
No events

Classes redefined (0 events):
No events

Internal exceptions (0 events):
No events

VM Operations (0 events):
No events

Events (0 events):
No events


Dynamic libraries:
0x00007ff63e0e0000 - 0x00007ff63e0ee000 	C:\Program Files (x86)\Android\openjdk\jdk-17.0.8.101-hotspot\bin\java.exe
0x00007ff8c5c90000 - 0x00007ff8c5e88000 	C:\WINDOWS\SYSTEM32\ntdll.dll
0x00007ff8c4b40000 - 0x00007ff8c4c01000 	C:\WINDOWS\System32\KERNEL32.DLL
0x00007ff8c3460000 - 0x00007ff8c375d000 	C:\WINDOWS\System32\KERNELBASE.dll
0x00007ff8c3a90000 - 0x00007ff8c3b90000 	C:\WINDOWS\System32\ucrtbase.dll
0x00007ff8a6f80000 - 0x00007ff8a6f97000 	C:\Program Files (x86)\Android\openjdk\jdk-17.0.8.101-hotspot\bin\jli.dll
0x00007ff88c9b0000 - 0x00007ff88c9cb000 	C:\Program Files (x86)\Android\openjdk\jdk-17.0.8.101-hotspot\bin\VCRUNTIME140.dll
0x00007ff8c3cc0000 - 0x00007ff8c3e5d000 	C:\WINDOWS\System32\USER32.dll
0x00007ff8c38f0000 - 0x00007ff8c3912000 	C:\WINDOWS\System32\win32u.dll
0x00007ff8afcb0000 - 0x00007ff8aff4a000 	C:\WINDOWS\WinSxS\amd64_microsoft.windows.common-controls_6595b64144ccf1df_6.0.19041.4355_none_60b8b9eb71f62e16\COMCTL32.dll
0x00007ff8c4da0000 - 0x00007ff8c4dcb000 	C:\WINDOWS\System32\GDI32.dll
0x00007ff8c43a0000 - 0x00007ff8c443e000 	C:\WINDOWS\System32\msvcrt.dll
0x00007ff8c3340000 - 0x00007ff8c3457000 	C:\WINDOWS\System32\gdi32full.dll
0x00007ff8c3c20000 - 0x00007ff8c3cbd000 	C:\WINDOWS\System32\msvcp_win.dll
0x00007ff8c4790000 - 0x00007ff8c47bf000 	C:\WINDOWS\System32\IMM32.DLL
0x00007ff89ae70000 - 0x00007ff89ae7c000 	C:\Program Files (x86)\Android\openjdk\jdk-17.0.8.101-hotspot\bin\vcruntime140_1.dll
0x00007ff889da0000 - 0x00007ff889e2d000 	C:\Program Files (x86)\Android\openjdk\jdk-17.0.8.101-hotspot\bin\msvcp140.dll
0x00007ff8799e0000 - 0x00007ff87a645000 	C:\Program Files (x86)\Android\openjdk\jdk-17.0.8.101-hotspot\bin\server\jvm.dll
0x00007ff8c4cf0000 - 0x00007ff8c4da0000 	C:\WINDOWS\System32\ADVAPI32.dll
0x00007ff8c45d0000 - 0x00007ff8c4670000 	C:\WINDOWS\System32\sechost.dll
0x00007ff8c4920000 - 0x00007ff8c4a43000 	C:\WINDOWS\System32\RPCRT4.dll
0x00007ff8c38c0000 - 0x00007ff8c38e7000 	C:\WINDOWS\System32\bcrypt.dll
0x00007ff86dab0000 - 0x00007ff86dab9000 	C:\WINDOWS\SYSTEM32\WSOCK32.dll
0x00007ff8c28a0000 - 0x00007ff8c28eb000 	C:\WINDOWS\SYSTEM32\POWRPROF.dll
0x00007ff8bac40000 - 0x00007ff8bac67000 	C:\WINDOWS\SYSTEM32\WINMM.dll
0x00007ff8c1f80000 - 0x00007ff8c1f8a000 	C:\WINDOWS\SYSTEM32\VERSION.dll
0x00007ff8c47c0000 - 0x00007ff8c482b000 	C:\WINDOWS\System32\WS2_32.dll
0x00007ff8c2690000 - 0x00007ff8c26a2000 	C:\WINDOWS\SYSTEM32\UMPDC.dll
0x00007ff8c1a80000 - 0x00007ff8c1a92000 	C:\WINDOWS\SYSTEM32\kernel.appcore.dll
0x00007ff88c970000 - 0x00007ff88c97a000 	C:\Program Files (x86)\Android\openjdk\jdk-17.0.8.101-hotspot\bin\jimage.dll
0x00007ff8ba950000 - 0x00007ff8bab34000 	C:\WINDOWS\SYSTEM32\DBGHELP.DLL
0x00007ff8a8400000 - 0x00007ff8a8434000 	C:\WINDOWS\SYSTEM32\dbgcore.DLL
0x00007ff8c3b90000 - 0x00007ff8c3c12000 	C:\WINDOWS\System32\bcryptPrimitives.dll
0x00007ff889e60000 - 0x00007ff889e85000 	C:\Program Files (x86)\Android\openjdk\jdk-17.0.8.101-hotspot\bin\java.dll

dbghelp: loaded successfully - version: 4.0.5 - missing functions: none
symbol engine: initialized successfully - sym options: 0x614 - pdb path: .;C:\Program Files (x86)\Android\openjdk\jdk-17.0.8.101-hotspot\bin;C:\WINDOWS\SYSTEM32;C:\WINDOWS\WinSxS\amd64_microsoft.windows.common-controls_6595b64144ccf1df_6.0.19041.4355_none_60b8b9eb71f62e16;C:\Program Files (x86)\Android\openjdk\jdk-17.0.8.101-hotspot\bin\server

VM Arguments:
java_command: com.xamarin.manifestmerger.Main obj\Debug\net8.0-android\android\manifestmerger.rsp
java_class_path (initial): C:\Program Files\dotnet\packs\Microsoft.Android.Sdk.Windows\34.0.138\tools\manifestmerger.jar
Launcher Type: SUN_STANDARD

[Global flags]
     intx CICompilerCount                          = 4                                         {product} {ergonomic}
     uint ConcGCThreads                            = 2                                         {product} {ergonomic}
     uint G1ConcRefinementThreads                  = 8                                         {product} {ergonomic}
   size_t G1HeapRegionSize                         = 2097152                                   {product} {ergonomic}
    uintx GCDrainStackTargetSize                   = 64                                        {product} {ergonomic}
   size_t InitialHeapSize                          = 234881024                                 {product} {ergonomic}
   size_t MarkStackSize                            = 4194304                                   {product} {ergonomic}
   size_t MaxHeapSize                              = 3743416320                                {product} {ergonomic}
   size_t MinHeapDeltaBytes                        = 2097152                                   {product} {ergonomic}
   size_t MinHeapSize                              = 8388608                                   {product} {ergonomic}
    uintx NonNMethodCodeHeapSize                   = 5839372                                {pd product} {ergonomic}
    uintx NonProfiledCodeHeapSize                  = 122909434                              {pd product} {ergonomic}
    uintx ProfiledCodeHeapSize                     = 122909434                              {pd product} {ergonomic}
    uintx ReservedCodeCacheSize                    = 251658240                              {pd product} {ergonomic}
     bool SegmentedCodeCache                       = true                                      {product} {ergonomic}
   size_t SoftMaxHeapSize                          = 3743416320                             {manageable} {ergonomic}
     bool UseCompressedClassPointers               = true                           {product lp64_product} {ergonomic}
     bool UseCompressedOops                        = true                           {product lp64_product} {ergonomic}
     bool UseG1GC                                  = true                                      {product} {ergonomic}
     bool UseLargePagesIndividualAllocation        = false                                  {pd product} {ergonomic}

Logging:
Log output configuration:
 #0: stdout all=warning uptime,level,tags
 #1: stderr all=off uptime,level,tags

Environment Variables:
PATH=C:\Program Files (x86)\Android\openjdk\jdk-17.0.8.101-hotspot\bin;C:\Program Files\Common Files\Oracle\Java\javapath;C:\Program Files (x86)\Common Files\Oracle\Java\java8path;C:\Program Files (x86)\Common Files\Oracle\Java\javapath;C:\Program Files\Java\;C:\Windows\system32;C:\Windows;C:\Windows\System32\Wbem;C:\Windows\System32\WindowsPowerShell\v1.0\;C:\Windows\System32\OpenSSH\;C:\Program Files (x86)\NVIDIA Corporation\PhysX\Common;C:\Program Files\NVIDIA Corporation\NVIDIA NvDLISR;C:\WINDOWS\system32;C:\WINDOWS;C:\WINDOWS\System32\Wbem;C:\WINDOWS\System32\WindowsPowerShell\v1.0\;C:\WINDOWS\System32\OpenSSH\;C:\msys64z\mingw64\bin;C:\Program Files\mingw-w64\x86_64-8.1.0-posix-seh-rt_v6-rev0\mingw64\bin;C:\Program Files\dotnet\;C:\MinGW\bin;C:\Program Files\TortoiseGit\bin;C:\Program Files\Microsoft SQL Server\150\Tools\Binn\;C:\Program Files\Microsoft SQL Server\Client SDK\ODBC\170\Tools\Binn\;C:\Program Files\Docker\Docker\resources\bin;C:\adb;C:\Users\patma\Downloads\platform-tools_r33.0.2-windows\platform-tools;D:\Program Files\Microsoft VS Code\bin;C:\Users\patma\AppData\Local\JetBrains\Toolbox\scripts;C:\Users\patma\.dotnet\tools
USERNAME=patma
OS=Windows_NT
PROCESSOR_IDENTIFIER=AMD64 Family 23 Model 24 Stepping 1, AuthenticAMD
TMP=C:\Users\patma\AppData\Local\Temp
TEMP=C:\Users\patma\AppData\Local\Temp



---------------  S Y S T E M  ---------------

OS:
 Windows 10 , 64 bit Build 19041 (10.0.19041.4842)
OS uptime: 0 days 2:29 hours
Hyper-V role detected

CPU: total 8 (initial active 8) (8 cores per cpu, 2 threads per core) family 23 model 24 stepping 1 microcode 0x0, cx8, cmov, fxsr, ht, mmx, 3dnowpref, sse, sse2, sse3, ssse3, sse4a, sse4.1, sse4.2, popcnt, lzcnt, tsc, tscinvbit, avx, avx2, aes, clmul, bmi1, bmi2, adx, sha, fma, vzeroupper, clflush, clflushopt, hv
Processor Information for all 8 processors :
  Max Mhz: 2300, Current Mhz: 2300, Mhz Limit: 2300

Memory: 4k page, system-wide physical 14272M (3740M free)
TotalPageFile size 16320M (AvailPageFile size 117M)
current process WorkingSet (physical memory assigned to process): 10M, peak: 10M
current process commit charge ("private bytes"): 60M, peak: 284M

vm_info: OpenJDK 64-Bit Server VM (17.0.8.1+1-LTS) for windows-amd64 JRE (17.0.8.1+1-LTS), built on Aug 23 2023 17:38:52 by "MicrosoftCorporation" with MS VC++ 16.10 / 16.11 (VS2019)

END.
