#
# There is insufficient memory for the Java Runtime Environment to continue.
# Native memory allocation (mmap) failed to map 234881024 bytes for G1 virtual space
# Possible reasons:
#   The system is out of physical RAM or swap space
#   The process is running with CompressedOops enabled, and the Java Heap may be blocking the growth of the native heap
# Possible solutions:
#   Reduce memory load on the system
#   Increase physical memory or swap space
#   Check if swap backing store is full
#   Decrease Java heap size (-Xmx/-Xms)
#   Decrease number of Java threads
#   Decrease Java thread stack sizes (-Xss)
#   Set larger code cache with -XX:ReservedCodeCacheSize=
#   JVM is running with Zero Based Compressed Oops mode in which the Java heap is
#     placed in the first 32GB address space. The Java Heap base address is the
#     maximum limit for the native heap growth. Please use -XX:HeapBaseMinAddress
#     to set the Java Heap base and to place the Java Heap above 32GB virtual address.
# This output file may be truncated or incomplete.
#
#  Out of Memory Error (os_windows.cpp:3617), pid=10864, tid=20360
#
# JRE version:  (17.0.8.1+1) (build )
# Java VM: OpenJDK 64-Bit Server VM (17.0.8.1+1-LTS, mixed mode, sharing, tiered, compressed oops, compressed class ptrs, g1 gc, windows-amd64)
# No core dump will be written. Minidumps are not enabled by default on client versions of Windows
#

---------------  S U M M A R Y ------------

Command Line: 

Host: AMD Ryzen 7 3750H with Radeon Vega Mobile Gfx  , 8 cores, 13G,  Windows 10 , 64 bit Build 19041 (10.0.19041.3636)
Time: Tue Mar  5 16:35:52 2024 W. Europe Standard Time elapsed time: 0.200273 seconds (0d 0h 0m 0s)

---------------  T H R E A D  ---------------

Current thread (0x0000028c2ac4f2c0):  JavaThread "Unknown thread" [_thread_in_vm, id=20360, stack(0x000000b3ba600000,0x000000b3ba700000)]

Stack: [0x000000b3ba600000,0x000000b3ba700000]
Native frames: (J=compiled Java code, j=interpreted, Vv=VM code, C=native code)
V  [jvm.dll+0x67bf3a]
V  [jvm.dll+0x83a024]
V  [jvm.dll+0x83b7ce]
V  [jvm.dll+0x83be33]
V  [jvm.dll+0x24785f]
V  [jvm.dll+0x678cb9]
V  [jvm.dll+0x66d54a]
V  [jvm.dll+0x308feb]
V  [jvm.dll+0x310496]
V  [jvm.dll+0x36019e]
V  [jvm.dll+0x3603cf]
V  [jvm.dll+0x2dff38]
V  [jvm.dll+0x2e0ea4]
V  [jvm.dll+0x80bca1]
V  [jvm.dll+0x36df61]
V  [jvm.dll+0x7eafac]
V  [jvm.dll+0x3f0c8f]
V  [jvm.dll+0x3f28a1]
C  [jli.dll+0x528f]
C  [ucrtbase.dll+0x21bb2]
C  [KERNEL32.DLL+0x17344]
C  [ntdll.dll+0x526b1]


---------------  P R O C E S S  ---------------

Threads class SMR info:
_java_thread_list=0x00007ffa842c3058, length=0, elements={
}

Java Threads: ( => current thread )

Other Threads:
  0x0000028c2acb0860 GCTaskThread "GC Thread#0" [stack: 0x000000b3ba700000,0x000000b3ba800000] [id=20988]
  0x0000028c2acbf6c0 ConcurrentGCThread "G1 Main Marker" [stack: 0x000000b3ba800000,0x000000b3ba900000] [id=15208]
  0x0000028c2acc0870 ConcurrentGCThread "G1 Conc#0" [stack: 0x000000b3ba900000,0x000000b3baa00000] [id=22756]

[error occurred during error reporting (printing all threads), id 0xc0000005, EXCEPTION_ACCESS_VIOLATION (0xc0000005) at pc=0x00007ffa83a80927]

VM state: not at safepoint (not fully initialized)

VM Mutex/Monitor currently owned by a thread:  ([mutex/lock_event])
[0x0000028c2ac49d50] Heap_lock - owner thread: 0x0000028c2ac4f2c0

Heap address: 0x0000000720e00000, size: 3570 MB, Compressed Oops mode: Zero based, Oop shift amount: 3

CDS archive(s) mapped at: [0x0000000000000000-0x0000000000000000-0x0000000000000000), size 0, SharedBaseAddress: 0x0000000800000000, ArchiveRelocationMode: 1.
Narrow klass base: 0x0000000000000000, Narrow klass shift: 0, Narrow klass range: 0x0

GC Precious Log:
<Empty>

Heap:
 garbage-first heap   total 0K, used 0K [0x0000000720e00000, 0x0000000800000000)
  region size 2048K, 0 young (0K), 0 survivors (0K)

[error occurred during error reporting (printing heap information), id 0xc0000005, EXCEPTION_ACCESS_VIOLATION (0xc0000005) at pc=0x00007ffa83e65fc9]

GC Heap History (0 events):
No events

Dll operation events (1 events):
Event: 0.007 Loaded shared library C:\Program Files (x86)\Android\openjdk\jdk-17.0.8.101-hotspot\bin\java.dll

Deoptimization events (0 events):
No events

Classes unloaded (0 events):
No events

Classes redefined (0 events):
No events

Internal exceptions (0 events):
No events

VM Operations (0 events):
No events

Events (0 events):
No events


Dynamic libraries:
0x00007ff7e9330000 - 0x00007ff7e933e000 	C:\Program Files (x86)\Android\openjdk\jdk-17.0.8.101-hotspot\bin\java.exe
0x00007ffb22f30000 - 0x00007ffb23128000 	C:\WINDOWS\SYSTEM32\ntdll.dll
0x00007ffb20f70000 - 0x00007ffb2102d000 	C:\WINDOWS\System32\KERNEL32.DLL
0x00007ffb20610000 - 0x00007ffb20906000 	C:\WINDOWS\System32\KERNELBASE.dll
0x00007ffb20b40000 - 0x00007ffb20c40000 	C:\WINDOWS\System32\ucrtbase.dll
0x00007ffae6120000 - 0x00007ffae613b000 	C:\Program Files (x86)\Android\openjdk\jdk-17.0.8.101-hotspot\bin\VCRUNTIME140.dll
0x00007ffac32c0000 - 0x00007ffac32d7000 	C:\Program Files (x86)\Android\openjdk\jdk-17.0.8.101-hotspot\bin\jli.dll
0x00007ffb21300000 - 0x00007ffb2149e000 	C:\WINDOWS\System32\USER32.dll
0x00007ffb20db0000 - 0x00007ffb20dd2000 	C:\WINDOWS\System32\win32u.dll
0x00007ffb10580000 - 0x00007ffb1081a000 	C:\WINDOWS\WinSxS\amd64_microsoft.windows.common-controls_6595b64144ccf1df_6.0.19041.3636_none_60b6a03d71f818d5\COMCTL32.dll
0x00007ffb20f40000 - 0x00007ffb20f6b000 	C:\WINDOWS\System32\GDI32.dll
0x00007ffb22af0000 - 0x00007ffb22b8e000 	C:\WINDOWS\System32\msvcrt.dll
0x00007ffb20910000 - 0x00007ffb20a27000 	C:\WINDOWS\System32\gdi32full.dll
0x00007ffb20a30000 - 0x00007ffb20acd000 	C:\WINDOWS\System32\msvcp_win.dll
0x00007ffb22550000 - 0x00007ffb22582000 	C:\WINDOWS\System32\IMM32.DLL
0x00007ffaf9f60000 - 0x00007ffaf9f6c000 	C:\Program Files (x86)\Android\openjdk\jdk-17.0.8.101-hotspot\bin\vcruntime140_1.dll
0x00007ffaa7cc0000 - 0x00007ffaa7d4d000 	C:\Program Files (x86)\Android\openjdk\jdk-17.0.8.101-hotspot\bin\msvcp140.dll
0x00007ffa83790000 - 0x00007ffa843f5000 	C:\Program Files (x86)\Android\openjdk\jdk-17.0.8.101-hotspot\bin\server\jvm.dll
0x00007ffb22d80000 - 0x00007ffb22e33000 	C:\WINDOWS\System32\ADVAPI32.dll
0x00007ffb22910000 - 0x00007ffb229af000 	C:\WINDOWS\System32\sechost.dll
0x00007ffb229c0000 - 0x00007ffb22ae6000 	C:\WINDOWS\System32\RPCRT4.dll
0x00007ffb20c40000 - 0x00007ffb20c67000 	C:\WINDOWS\System32\bcrypt.dll
0x00007ffb16740000 - 0x00007ffb16767000 	C:\WINDOWS\SYSTEM32\WINMM.dll
0x00007ffb196d0000 - 0x00007ffb196da000 	C:\WINDOWS\SYSTEM32\VERSION.dll
0x00007ffb08920000 - 0x00007ffb08929000 	C:\WINDOWS\SYSTEM32\WSOCK32.dll
0x00007ffb1fae0000 - 0x00007ffb1fb2b000 	C:\WINDOWS\SYSTEM32\POWRPROF.dll
0x00007ffb21ef0000 - 0x00007ffb21f5b000 	C:\WINDOWS\System32\WS2_32.dll
0x00007ffb1f9a0000 - 0x00007ffb1f9b2000 	C:\WINDOWS\SYSTEM32\UMPDC.dll
0x00007ffb1e3a0000 - 0x00007ffb1e3b2000 	C:\WINDOWS\SYSTEM32\kernel.appcore.dll
0x00007ffaf3470000 - 0x00007ffaf347a000 	C:\Program Files (x86)\Android\openjdk\jdk-17.0.8.101-hotspot\bin\jimage.dll
0x00007ffb15e00000 - 0x00007ffb15fe4000 	C:\WINDOWS\SYSTEM32\DBGHELP.DLL
0x00007ffb06f80000 - 0x00007ffb06fb4000 	C:\WINDOWS\SYSTEM32\dbgcore.DLL
0x00007ffb20d20000 - 0x00007ffb20da2000 	C:\WINDOWS\System32\bcryptPrimitives.dll
0x00007ffab4030000 - 0x00007ffab4055000 	C:\Program Files (x86)\Android\openjdk\jdk-17.0.8.101-hotspot\bin\java.dll

dbghelp: loaded successfully - version: 4.0.5 - missing functions: none
symbol engine: initialized successfully - sym options: 0x614 - pdb path: .;C:\Program Files (x86)\Android\openjdk\jdk-17.0.8.101-hotspot\bin;C:\WINDOWS\SYSTEM32;C:\WINDOWS\WinSxS\amd64_microsoft.windows.common-controls_6595b64144ccf1df_6.0.19041.3636_none_60b6a03d71f818d5;C:\Program Files (x86)\Android\openjdk\jdk-17.0.8.101-hotspot\bin\server

VM Arguments:
java_command: <unknown>
java_class_path (initial): <not set>
Launcher Type: SUN_STANDARD

[Global flags]
     intx CICompilerCount                          = 4                                         {product} {ergonomic}
     uint ConcGCThreads                            = 2                                         {product} {ergonomic}
     uint G1ConcRefinementThreads                  = 8                                         {product} {ergonomic}
   size_t G1HeapRegionSize                         = 2097152                                   {product} {ergonomic}
    uintx GCDrainStackTargetSize                   = 64                                        {product} {ergonomic}
   size_t InitialHeapSize                          = 234881024                                 {product} {ergonomic}
   size_t MarkStackSize                            = 4194304                                   {product} {ergonomic}
   size_t MaxHeapSize                              = 3743416320                                {product} {ergonomic}
   size_t MinHeapDeltaBytes                        = 2097152                                   {product} {ergonomic}
   size_t MinHeapSize                              = 8388608                                   {product} {ergonomic}
    uintx NonNMethodCodeHeapSize                   = 5839372                                {pd product} {ergonomic}
    uintx NonProfiledCodeHeapSize                  = 122909434                              {pd product} {ergonomic}
    uintx ProfiledCodeHeapSize                     = 122909434                              {pd product} {ergonomic}
    uintx ReservedCodeCacheSize                    = 251658240                              {pd product} {ergonomic}
     bool SegmentedCodeCache                       = true                                      {product} {ergonomic}
   size_t SoftMaxHeapSize                          = 3743416320                             {manageable} {ergonomic}
     bool UseCompressedClassPointers               = true                           {product lp64_product} {ergonomic}
     bool UseCompressedOops                        = true                           {product lp64_product} {ergonomic}
     bool UseG1GC                                  = true                                      {product} {ergonomic}
     bool UseLargePagesIndividualAllocation        = false                                  {pd product} {ergonomic}

Logging:
Log output configuration:
 #0: stdout all=warning uptime,level,tags
 #1: stderr all=off uptime,level,tags

Environment Variables:
PATH=C:\Program Files (x86)\Android\openjdk\jdk-17.0.8.101-hotspot\bin;C:\Program Files\Common Files\Oracle\Java\javapath;C:\Program Files (x86)\Common Files\Oracle\Java\javapath;C:\Program Files\Java\;C:\Windows\system32;C:\Windows;C:\Windows\System32\Wbem;C:\Windows\System32\WindowsPowerShell\v1.0\;C:\Windows\System32\OpenSSH\;C:\Program Files (x86)\NVIDIA Corporation\PhysX\Common;C:\Program Files\NVIDIA Corporation\NVIDIA NvDLISR;C:\WINDOWS\system32;C:\WINDOWS;C:\WINDOWS\System32\Wbem;C:\WINDOWS\System32\WindowsPowerShell\v1.0\;C:\WINDOWS\System32\OpenSSH\;C:\msys64z\mingw64\bin;C:\Program Files\mingw-w64\x86_64-8.1.0-posix-seh-rt_v6-rev0\mingw64\bin;C:\Program Files\dotnet\;C:\MinGW\bin;D:\Program Files\Git\cmd;C:\Program Files\TortoiseGit\bin;C:\Program Files\Docker\Docker\resources\bin;C:\Users\patma\Downloads\platform-tools_r33.0.2-windows\platform-tools;D:\Program Files\Microsoft VS Code\bin;C:\Users\patma\AppData\Local\JetBrains\Toolbox\scripts;C:\Users\patma\.dotnet\tools
USERNAME=patma
OS=Windows_NT
PROCESSOR_IDENTIFIER=AMD64 Family 23 Model 24 Stepping 1, AuthenticAMD
TMP=C:\Users\patma\AppData\Local\Temp
TEMP=C:\Users\patma\AppData\Local\Temp



---------------  S Y S T E M  ---------------

OS:
 Windows 10 , 64 bit Build 19041 (10.0.19041.3636)
OS uptime: 0 days 1:48 hours
Hyper-V role detected

CPU: total 8 (initial active 8) (8 cores per cpu, 2 threads per core) family 23 model 24 stepping 1 microcode 0x0, cx8, cmov, fxsr, ht, mmx, 3dnowpref, sse, sse2, sse3, ssse3, sse4a, sse4.1, sse4.2, popcnt, lzcnt, tsc, tscinvbit, avx, avx2, aes, clmul, bmi1, bmi2, adx, sha, fma, vzeroupper, clflush, clflushopt, hv
Processor Information for all 8 processors :
  Max Mhz: 2300, Current Mhz: 2300, Mhz Limit: 2300

Memory: 4k page, system-wide physical 14272M (1849M free)
TotalPageFile size 16320M (AvailPageFile size 128M)
current process WorkingSet (physical memory assigned to process): 11M, peak: 11M
current process commit charge ("private bytes"): 60M, peak: 284M

vm_info: OpenJDK 64-Bit Server VM (17.0.8.1+1-LTS) for windows-amd64 JRE (17.0.8.1+1-LTS), built on Aug 23 2023 17:38:52 by "MicrosoftCorporation" with MS VC++ 16.10 / 16.11 (VS2019)

END.
