#
# A fatal error has been detected by the Java Runtime Environment:
#
#  EXCEPTION_ACCESS_VIOLATION (0xc0000005) at pc=0x00007ffaef591be9, pid=23460, tid=11780
#
# JRE version:  (17.0.8.1+1) (build )
# Java VM: OpenJDK 64-Bit Server VM (17.0.8.1+1-LTS, mixed mode, sharing, tiered, unknown gc, windows-amd64)
# Problematic frame:
# C  [jimage.dll+0x1be9]
#
# No core dump will be written. Minidumps are not enabled by default on client versions of Windows
#
#

---------------  S U M M A R Y ------------

Command Line: 

Host: AMD Ryzen 7 3750H with Radeon Vega Mobile Gfx  , 8 cores, 13G,  Windows 10 , 64 bit Build 19041 (10.0.19041.3636)
Time: Tue Mar  5 16:36:57 2024 W. Europe Standard Time elapsed time: 0.012612 seconds (0d 0h 0m 0s)

---------------  T H R E A D  ---------------

Current thread is native thread

Stack: [0x000000f4a2700000,0x000000f4a2800000],  sp=0x000000f4a27fd900,  free space=1014k
Native frames: (J=compiled Java code, j=interpreted, Vv=VM code, C=native code)
C  [jimage.dll+0x1be9]


siginfo: EXCEPTION_ACCESS_VIOLATION (0xc0000005), reading address 0x00000000000149cc


Registers:
RAX=0x000000000000526c, RBX=0x000000f4a27fd9f1, RCX=0x00007ffaef596000, RDX=0x000000000000526c
RSP=0x000000f4a27fd900, RBP=0x000000f4a27fd9f0, RSI=0x0000000000007310, RDI=0x000000f4a27fd9f0
R8 =0x00007ffaef594288, R9 =0x000000000000001c, R10=0x00007ffaa7d60000, R11=0x00007ffaef596000
R12=0x0000000000000000, R13=0x0000000000000000, R14=0x000000f4a27fea60, R15=0x00007ffa7a28cd88
RIP=0x00007ffaef591be9, EFLAGS=0x0000000000010212

Top of Stack: (sp=0x000000f4a27fd900)
0x000000f4a27fd900:   00007ffaef598000 0000000000000000
0x000000f4a27fd910:   00007ffa01000020 000000f4a27fe0c0
0x000000f4a27fd920:   000002cdb38dbde0 00007ffaef591d77
0x000000f4a27fd930:   000000000000000b 000002cdb38dbde0
0x000000f4a27fd940:   0000000000000070 0000000000000000
0x000000f4a27fd950:   0000000000000000 0000000000000000
0x000000f4a27fd960:   0000000000000000 0000000000000000
0x000000f4a27fd970:   0000000000000000 0000000000000000
0x000000f4a27fd980:   0000000000000000 0000000000000000
0x000000f4a27fd990:   00002c7648b5c971 0000000000000000
0x000000f4a27fd9a0:   00007ffa7a26b820 0000000000000017
0x000000f4a27fd9b0:   000002cdb38dbde0 000000f4a27fea60
0x000000f4a27fd9c0:   000000000000000b 00007ffaef592655
0x000000f4a27fd9d0:   0000000000000002 0000000000000002
0x000000f4a27fd9e0:   0000ab1fdf300000 0000ab1fdf304275
0x000000f4a27fd9f0:   61622e6176616a2f 692f6b646a2f6573 

Instructions: (pc=0x00007ffaef591be9)
0x00007ffaef591ae9:   48 85 c9 74 1d 80 3d 1b 45 00 00 00 74 06 48 8b
0x00007ffaef591af9:   53 18 eb 04 48 8b 53 40 e8 ae 0e 00 00 48 83 63
0x00007ffaef591b09:   48 00 8b 4b 0c 83 f9 ff 74 09 e8 e4 0c 00 00 83
0x00007ffaef591b19:   4b 0c ff 48 8b 4b 70 48 85 c9 74 0f ba 10 00 00
0x00007ffaef591b29:   00 e8 fd 0e 00 00 48 83 63 70 00 48 83 c4 20 5b
0x00007ffaef591b39:   c3 cc cc 40 53 48 83 ec 20 48 8b d9 48 8d 0d d4
0x00007ffaef591b49:   46 00 00 e8 b3 0c 00 00 83 6b 08 01 75 24 48 8b
0x00007ffaef591b59:   d3 48 8d 0d b7 44 00 00 e8 22 08 00 00 48 8b cb
0x00007ffaef591b69:   e8 de fe ff ff ba 78 00 00 00 48 8b cb e8 b1 0e
0x00007ffaef591b79:   00 00 48 8d 0d 9e 46 00 00 48 83 c4 20 5b e9 80
0x00007ffaef591b89:   0c 00 00 48 89 5c 24 08 48 89 74 24 10 57 48 83
0x00007ffaef591b99:   ec 20 41 8b f1 4d 8b c8 48 8b fa 4c 8b d9 4d 85
0x00007ffaef591ba9:   c0 74 78 85 f6 74 74 44 8a 12 48 8d 5a 01 48 8b
0x00007ffaef591bb9:   d3 b8 93 01 00 01 eb 12 69 c0 93 01 00 01 41 0f
0x00007ffaef591bc9:   b6 ca 44 8a 12 33 c1 48 ff c2 45 84 d2 75 e9 4d
0x00007ffaef591bd9:   8b 03 0f ba f0 1f 33 d2 49 8b cb f7 f6 48 63 c2
0x00007ffaef591be9:   41 8b 14 81 41 ff 50 08 85 c0 7e 24 8a 0f eb 10
0x00007ffaef591bf9:   69 c0 93 01 00 01 0f b6 c9 33 c1 8a 0b 48 ff c3
0x00007ffaef591c09:   84 c9 75 ec 0f ba f0 1f 33 d2 f7 f6 8b c2 eb 0e
0x00007ffaef591c19:   79 09 83 c9 ff 2b c8 8b c1 eb 03 83 c8 ff 48 8b
0x00007ffaef591c29:   5c 24 30 48 8b 74 24 38 48 83 c4 20 5f c3 cc 48
0x00007ffaef591c39:   89 5c 24 08 48 89 74 24 10 57 48 83 ec 20 48 8b
0x00007ffaef591c49:   f1 48 8d 0d cf 45 00 00 e8 ae 0b 00 00 33 ff 39
0x00007ffaef591c59:   3d ba 43 00 00 76 24 48 8b 05 b9 43 00 00 48 8b
0x00007ffaef591c69:   d6 48 8b 1c f8 48 8b 0b e8 64 1e 00 00 85 c0 74
0x00007ffaef591c79:   2b ff c7 3b 3d 96 43 00 00 72 dc 33 db 48 8d 0d
0x00007ffaef591c89:   93 45 00 00 e8 7a 0b 00 00 48 8b 74 24 38 48 8b
0x00007ffaef591c99:   c3 48 8b 5c 24 30 48 83 c4 20 5f c3 ff 43 08 eb
0x00007ffaef591ca9:   dc cc cc 48 89 5c 24 08 48 89 74 24 10 57 48 83
0x00007ffaef591cb9:   ec 20 48 8b d9 48 8b f2 48 8b 49 10 49 8b f8 8b
0x00007ffaef591cc9:   53 30 48 8b 01 ff 50 20 4c 8b 43 50 48 8b d6 48
0x00007ffaef591cd9:   8b 4b 10 44 8b c8 e8 a8 fe ff ff 83 f8 ff 74 38 



---------------  P R O C E S S  ---------------

VM state: not at safepoint (not fully initialized)

VM Mutex/Monitor currently owned by a thread: None

GC Precious Log:
<Not initialized>


Dynamic libraries:
0x00007ff7e9330000 - 0x00007ff7e933e000 	C:\Program Files (x86)\Android\openjdk\jdk-17.0.8.101-hotspot\bin\java.exe
0x00007ffb22f30000 - 0x00007ffb23128000 	C:\WINDOWS\SYSTEM32\ntdll.dll
0x00007ffb20f70000 - 0x00007ffb2102d000 	C:\WINDOWS\System32\KERNEL32.DLL
0x00007ffb20610000 - 0x00007ffb20906000 	C:\WINDOWS\System32\KERNELBASE.dll
0x00007ffb20b40000 - 0x00007ffb20c40000 	C:\WINDOWS\System32\ucrtbase.dll
0x00007ffaa8060000 - 0x00007ffaa8077000 	C:\Program Files (x86)\Android\openjdk\jdk-17.0.8.101-hotspot\bin\jli.dll
0x00007ffb21300000 - 0x00007ffb2149e000 	C:\WINDOWS\System32\USER32.dll
0x00007ffb20db0000 - 0x00007ffb20dd2000 	C:\WINDOWS\System32\win32u.dll
0x00007ffb20f40000 - 0x00007ffb20f6b000 	C:\WINDOWS\System32\GDI32.dll
0x00007ffb20910000 - 0x00007ffb20a27000 	C:\WINDOWS\System32\gdi32full.dll
0x00007ffaa7d60000 - 0x00007ffaa7d7b000 	C:\Program Files (x86)\Android\openjdk\jdk-17.0.8.101-hotspot\bin\VCRUNTIME140.dll
0x00007ffb20a30000 - 0x00007ffb20acd000 	C:\WINDOWS\System32\msvcp_win.dll
0x00007ffb10580000 - 0x00007ffb1081a000 	C:\WINDOWS\WinSxS\amd64_microsoft.windows.common-controls_6595b64144ccf1df_6.0.19041.3636_none_60b6a03d71f818d5\COMCTL32.dll
0x00007ffb22af0000 - 0x00007ffb22b8e000 	C:\WINDOWS\System32\msvcrt.dll
0x00007ffb22550000 - 0x00007ffb22582000 	C:\WINDOWS\System32\IMM32.DLL
0x00007ffaf0760000 - 0x00007ffaf076c000 	C:\Program Files (x86)\Android\openjdk\jdk-17.0.8.101-hotspot\bin\vcruntime140_1.dll
0x00007ffa83390000 - 0x00007ffa8341d000 	C:\Program Files (x86)\Android\openjdk\jdk-17.0.8.101-hotspot\bin\msvcp140.dll
0x00007ffa79950000 - 0x00007ffa7a5b5000 	C:\Program Files (x86)\Android\openjdk\jdk-17.0.8.101-hotspot\bin\server\jvm.dll
0x00007ffb22d80000 - 0x00007ffb22e33000 	C:\WINDOWS\System32\ADVAPI32.dll
0x00007ffb22910000 - 0x00007ffb229af000 	C:\WINDOWS\System32\sechost.dll
0x00007ffb229c0000 - 0x00007ffb22ae6000 	C:\WINDOWS\System32\RPCRT4.dll
0x00007ffb20c40000 - 0x00007ffb20c67000 	C:\WINDOWS\System32\bcrypt.dll
0x00007ffb15a40000 - 0x00007ffb15a49000 	C:\WINDOWS\SYSTEM32\WSOCK32.dll
0x00007ffb196d0000 - 0x00007ffb196da000 	C:\WINDOWS\SYSTEM32\VERSION.dll
0x00007ffb16740000 - 0x00007ffb16767000 	C:\WINDOWS\SYSTEM32\WINMM.dll
0x00007ffb1fae0000 - 0x00007ffb1fb2b000 	C:\WINDOWS\SYSTEM32\POWRPROF.dll
0x00007ffb21ef0000 - 0x00007ffb21f5b000 	C:\WINDOWS\System32\WS2_32.dll
0x00007ffb1f9a0000 - 0x00007ffb1f9b2000 	C:\WINDOWS\SYSTEM32\UMPDC.dll
0x00007ffb1e3a0000 - 0x00007ffb1e3b2000 	C:\WINDOWS\SYSTEM32\kernel.appcore.dll
0x00007ffaef590000 - 0x00007ffaef59a000 	C:\Program Files (x86)\Android\openjdk\jdk-17.0.8.101-hotspot\bin\jimage.dll

dbghelp: loading error: 1455
symbol engine: initialization error.

VM Arguments:
java_command: <unknown>
java_class_path (initial): <not set>
Launcher Type: SUN_STANDARD

[Global flags]
     bool UseLargePagesIndividualAllocation        = false                                  {pd product} {ergonomic}

Logging:
Log output configuration:
 #0: stdout all=warning uptime,level,tags
 #1: stderr all=off uptime,level,tags

Environment Variables:
PATH=C:\Program Files (x86)\Android\openjdk\jdk-17.0.8.101-hotspot\bin;C:\Program Files\Common Files\Oracle\Java\javapath;C:\Program Files (x86)\Common Files\Oracle\Java\javapath;C:\Program Files\Java\;C:\Windows\system32;C:\Windows;C:\Windows\System32\Wbem;C:\Windows\System32\WindowsPowerShell\v1.0\;C:\Windows\System32\OpenSSH\;C:\Program Files (x86)\NVIDIA Corporation\PhysX\Common;C:\Program Files\NVIDIA Corporation\NVIDIA NvDLISR;C:\WINDOWS\system32;C:\WINDOWS;C:\WINDOWS\System32\Wbem;C:\WINDOWS\System32\WindowsPowerShell\v1.0\;C:\WINDOWS\System32\OpenSSH\;C:\msys64z\mingw64\bin;C:\Program Files\mingw-w64\x86_64-8.1.0-posix-seh-rt_v6-rev0\mingw64\bin;C:\Program Files\dotnet\;C:\MinGW\bin;D:\Program Files\Git\cmd;C:\Program Files\TortoiseGit\bin;C:\Program Files\Docker\Docker\resources\bin;C:\Users\patma\Downloads\platform-tools_r33.0.2-windows\platform-tools;D:\Program Files\Microsoft VS Code\bin;C:\Users\patma\AppData\Local\JetBrains\Toolbox\scripts;C:\Users\patma\.dotnet\tools
USERNAME=patma
OS=Windows_NT
PROCESSOR_IDENTIFIER=AMD64 Family 23 Model 24 Stepping 1, AuthenticAMD
TMP=C:\Users\patma\AppData\Local\Temp
TEMP=C:\Users\patma\AppData\Local\Temp



---------------  S Y S T E M  ---------------

OS:
 Windows 10 , 64 bit Build 19041 (10.0.19041.3636)
OS uptime: 0 days 1:49 hours

CPU: total 8 (initial active 0) 
Processor Information for all 8 processors :
  Max Mhz: 2300, Current Mhz: 2300, Mhz Limit: 2300

Memory: 4k page, system-wide physical 14272M (1556M free)
TotalPageFile size 16320M (AvailPageFile size 3M)
current process WorkingSet (physical memory assigned to process): 7M, peak: 7M
current process commit charge ("private bytes"): 2M, peak: 2M

vm_info: OpenJDK 64-Bit Server VM (17.0.8.1+1-LTS) for windows-amd64 JRE (17.0.8.1+1-LTS), built on Aug 23 2023 17:38:52 by "MicrosoftCorporation" with MS VC++ 16.10 / 16.11 (VS2019)

END.
